"user_id","name","device","os","browser","remote_address","time"
"1","testUser","testDevice","testOS","testBrowser","0.0.0.0","1000-01-01T00:00:00.0"