"user_id","room_id","check_in_date","check_out_date","time"
"1","1","2024-09-10","2024-09-20","1000-01-01T00:00:00.0"