"user_id","name","email","time"
"1","testUser","testEmail","1000-01-01T00:00:00.0"